acquiring alacritty 0.17.0 from its locked source...
[downloaded] alacritty    7071586605718f8b93d55e3057da6d0e863b9237a5fb7face7a72770d3dd02bd
             object  /tmp/tmp.UmbMiHeB0H/cache/hazards/objects/sha256/70/7071586605718f8b93d55e3057da6d0e863b9237a5fb7face7a72770d3dd02bd
             receipt /tmp/tmp.UmbMiHeB0H/state/hazards/receipts/acquisitions/alacritty/0.17.0/1785021670-362149143-5029-0.json
mode: verified cache only; nothing was extracted or installed
preparing alacritty 0.17.0 from its verified source object...
true
caching locked Cargo dependencies for alacritty 0.17.0...
true
{
  "read_only": true,
  "execution_enabled": false,
  "lock_observed_at": "2026-07-25",
  "profile": {
    "host": "desktop",
    "persistence": "local",
    "role": "development",
    "graphics": true,
    "persistent_state": true,
    "synchronization": false,
    "required_pillars": [
      "helix",
      "alacritty",
      "zellij",
      "arsenal",
      "rhai",
      "dotter",
      "surrealdb"
    ],
    "supporting_providers": [
      "ripgrep",
      "fd",
      "bat",
      "atuin",
      "delta",
      "mise"
    ]
  },
  "platform": {
    "os": "linux",
    "architecture": "x86_64"
  },
  "items": [
    {
      "id": "alacritty",
      "name": "Alacritty",
      "target_version": "0.17.0",
      "status": "toolchain_mismatch",
      "detail": "the observed Rust toolchain does not match the pinned identity",
      "contract_sha256": null,
      "source": {
        "staging_path": "/tmp/tmp.UmbMiHeB0H/cache/hazards/sources/sha256/70/7071586605718f8b93d55e3057da6d0e863b9237a5fb7face7a72770d3dd02bd",
        "source_path": "/tmp/tmp.UmbMiHeB0H/cache/hazards/sources/sha256/70/7071586605718f8b93d55e3057da6d0e863b9237a5fb7face7a72770d3dd02bd/alacritty-0.17.0",
        "manifest_path": "/tmp/tmp.UmbMiHeB0H/cache/hazards/sources/sha256/70/7071586605718f8b93d55e3057da6d0e863b9237a5fb7face7a72770d3dd02bd/.hazards-source-preparation.json",
        "cargo_manifest_path": "/tmp/tmp.UmbMiHeB0H/cache/hazards/sources/sha256/70/7071586605718f8b93d55e3057da6d0e863b9237a5fb7face7a72770d3dd02bd/alacritty-0.17.0/Cargo.toml",
        "cargo_lock_path": "/tmp/tmp.UmbMiHeB0H/cache/hazards/sources/sha256/70/7071586605718f8b93d55e3057da6d0e863b9237a5fb7face7a72770d3dd02bd/alacritty-0.17.0/Cargo.lock",
        "artifact_sha256": "7071586605718f8b93d55e3057da6d0e863b9237a5fb7face7a72770d3dd02bd",
        "cargo_manifest_sha256": "f79a4005a961a2fc67235b5c4aaa6624d5ca7f16337c6b557266d8dd66975da1",
        "cargo_lock_sha256": "a1bd06c9f0bda95630b1ea5ca8dd1478d0de8599b114572846afcda87d4c2861",
        "cargo_lock_version": 4,
        "package_count": 292,
        "entry_count": 123,
        "expanded_size": 2328364,
        "rust_version": "1.85.0"
      },
      "dependencies": {
        "object_root": "/tmp/tmp.UmbMiHeB0H/cache/hazards/cargo/objects/sha256",
        "manifest_path": "/tmp/tmp.UmbMiHeB0H/cache/hazards/cargo/dependency-graphs/sha256/a1/a1bd06c9f0bda95630b1ea5ca8dd1478d0de8599b114572846afcda87d4c2861.json",
        "manifest_sha256": "c1a7030c15b40bd3c27dc9d29dd8b8df42ff9d140708da22392d19bf70937e1f",
        "cargo_lock_sha256": "a1bd06c9f0bda95630b1ea5ca8dd1478d0de8599b114572846afcda87d4c2861",
        "dependency_count": 291,
        "total_bytes": 64286270
      },
      "toolchain": null,
      "native_commands": [
        {
          "id": "cc",
          "path": "/usr/bin/cc",
          "version": "13.3.0",
          "minimum_version": null,
          "satisfied": true,
          "detail": "cc probe satisfied the contract"
        },
        {
          "id": "cxx",
          "path": "/usr/bin/c++",
          "version": "13.3.0",
          "minimum_version": null,
          "satisfied": true,
          "detail": "cxx probe satisfied the contract"
        },
        {
          "id": "ar",
          "path": "/usr/bin/ar",
          "version": "2.42",
          "minimum_version": null,
          "satisfied": true,
          "detail": "ar probe satisfied the contract"
        },
        {
          "id": "ld",
          "path": "/usr/bin/ld",
          "version": "2.42",
          "minimum_version": null,
          "satisfied": true,
          "detail": "ld probe satisfied the contract"
        },
        {
          "id": "cmake",
          "path": "/usr/local/bin/cmake",
          "version": "3.31.6",
          "minimum_version": "3.13.0",
          "satisfied": true,
          "detail": "cmake probe satisfied the contract"
        },
        {
          "id": "pkg-config",
          "path": "/usr/bin/pkg-config",
          "version": "1.8.1",
          "minimum_version": "0.29.0",
          "satisfied": true,
          "detail": "pkg-config probe satisfied the contract"
        },
        {
          "id": "python3",
          "path": "/usr/bin/python3",
          "version": "3.12.3",
          "minimum_version": "3.8.0",
          "satisfied": true,
          "detail": "python3 probe satisfied the contract"
        }
      ],
      "pkg_config": [
        {
          "module": "fontconfig",
          "version": "2.15.0",
          "minimum_version": "2.13.0",
          "satisfied": true,
          "detail": "pkg-config module fontconfig satisfied the contract"
        },
        {
          "module": "freetype2",
          "version": "26.1.20",
          "minimum_version": "2.10.0",
          "satisfied": true,
          "detail": "pkg-config module freetype2 satisfied the contract"
        },
        {
          "module": "xkbcommon",
          "version": "1.6.0",
          "minimum_version": "1.0.0",
          "satisfied": true,
          "detail": "pkg-config module xkbcommon satisfied the contract"
        },
        {
          "module": "xcb-xfixes",
          "version": "1.15",
          "minimum_version": "1.13.0",
          "satisfied": true,
          "detail": "pkg-config module xcb-xfixes satisfied the contract"
        }
      ],
      "environment": {
        "blocked": {},
        "clear_for_build": [
          "RUSTFLAGS",
          "RUSTDOCFLAGS",
          "RUSTC_WRAPPER",
          "RUSTC_WORKSPACE_WRAPPER",
          "CARGO_BUILD_RUSTC",
          "CARGO_BUILD_RUSTC_WRAPPER",
          "CARGO_TARGET_DIR",
          "CC",
          "CXX",
          "AR",
          "RANLIB",
          "LD",
          "CFLAGS",
          "CXXFLAGS",
          "LDFLAGS",
          "PKG_CONFIG_PATH",
          "PKG_CONFIG_LIBDIR",
          "PKG_CONFIG_SYSROOT_DIR",
          "LD_PRELOAD",
          "LD_LIBRARY_PATH",
          "LIBRARY_PATH",
          "CPATH",
          "C_INCLUDE_PATH",
          "CPLUS_INCLUDE_PATH",
          "MAKEFLAGS",
          "CMAKE_GENERATOR",
          "HTTP_PROXY",
          "HTTPS_PROXY",
          "ALL_PROXY",
          "NO_PROXY",
          "CARGO_HTTP_PROXY"
        ],
        "satisfied": true
      },
      "invocation": null,
      "findings": [
        "toolchain identity mismatch: rustc 1.97.1 8bab26f4f68e0e26f0bb7960be334d5b520ea452 2026-07-14, cargo 1.97.1 c980f4866141969fab6254a680546a277789d6f0 2026-06-30, host x86_64-unknown-linux-gnu, LLVM 22.1.6"
      ]
    }
  ]
}
false

acceptance_status=1
